Category: 📺央视频道, Name: CCTV-1, Total: 259, Valid: 43, Valid Percent: 16.60%, Whitelist: 0, IPv4: 0, IPv6: 259, Min Delay: 0.1 ms, Max Speed: 0.00 M/s, Avg Speed: 0.00 M/s, Max Resolution: 1920x1080
Category: 📺央视频道, Name: CCTV-2, Total: 294, Valid: 68, Valid Percent: 23.13%, Whitelist: 0, IPv4: 1, IPv6: 293, Min Delay: 0.1 ms, Max Speed: 0.01 M/s, Avg Speed: 0.00 M/s, Max Resolution: 1920x1080
Category: 📺央视频道, Name: CCTV-3, Total: 263, Valid: 55, Valid Percent: 20.91%, Whitelist: 0, IPv4: 1, IPv6: 262, Min Delay: 0.1 ms, Max Speed: 0.01 M/s, Avg Speed: 0.00 M/s, Max Resolution: 1920x1080
Category: 📺央视频道, Name: CCTV-4, Total: 513, Valid: 62, Valid Percent: 12.09%, Whitelist: 0, IPv4: 3, IPv6: 510, Min Delay: 0.1 ms, Max Speed: 0.01 M/s, Avg Speed: 0.00 M/s, Max Resolution: 1920x1080
Category: 📺央视频道, Name: CCTV-5, Total: 395, Valid: 40, Valid Percent: 10.13%, Whitelist: 0, IPv4: 3, IPv6: 392, Min Delay: 0.1 ms, Max Speed: 0.05 M/s, Avg Speed: 0.00 M/s, Max Resolution: 1920x1080
Category: 📺央视频道, Name: CCTV-5+, Total: 125, Valid: 38, Valid Percent: 30.40%, Whitelist: 0, IPv4: 1, IPv6: 124, Min Delay: 0.1 ms, Max Speed: 0.01 M/s, Avg Speed: 0.00 M/s, Max Resolution: 1920x1080
Category: 📺央视频道, Name: CCTV-6, Total: 257, Valid: 38, Valid Percent: 14.79%, Whitelist: 0, IPv4: 3, IPv6: 254, Min Delay: 0.1 ms, Max Speed: 0.03 M/s, Avg Speed: 0.00 M/s, Max Resolution: 1920x1080
Category: 📺央视频道, Name: CCTV-7, Total: 264, Valid: 60, Valid Percent: 22.73%, Whitelist: 0, IPv4: 2, IPv6: 262, Min Delay: 0.1 ms, Max Speed: 0.02 M/s, Avg Speed: 0.00 M/s, Max Resolution: 1920x1080
Category: 📺央视频道, Name: CCTV-8, Total: 257, Valid: 49, Valid Percent: 19.07%, Whitelist: 0, IPv4: 2, IPv6: 255, Min Delay: 0.1 ms, Max Speed: 0.01 M/s, Avg Speed: 0.00 M/s, Max Resolution: 1920x1080
Category: 📺央视频道, Name: CCTV-9, Total: 269, Valid: 61, Valid Percent: 22.68%, Whitelist: 0, IPv4: 2, IPv6: 267, Min Delay: 0.1 ms, Max Speed: 0.01 M/s, Avg Speed: 0.00 M/s, Max Resolution: 1920x1080
Category: 📺央视频道, Name: CCTV-10, Total: 266, Valid: 59, Valid Percent: 22.18%, Whitelist: 0, IPv4: 2, IPv6: 264, Min Delay: 0.1 ms, Max Speed: 0.01 M/s, Avg Speed: 0.00 M/s, Max Resolution: 1920x1080
Category: 📺央视频道, Name: CCTV-11, Total: 289, Valid: 68, Valid Percent: 23.53%, Whitelist: 0, IPv4: 2, IPv6: 287, Min Delay: 0.1 ms, Max Speed: 0.02 M/s, Avg Speed: 0.00 M/s, Max Resolution: 1920x1080
Category: 📺央视频道, Name: CCTV-12, Total: 279, Valid: 66, Valid Percent: 23.66%, Whitelist: 0, IPv4: 2, IPv6: 277, Min Delay: 0.1 ms, Max Speed: 0.04 M/s, Avg Speed: 0.00 M/s, Max Resolution: 1920x1080
Category: 📺央视频道, Name: CCTV-13, Total: 316, Valid: 43, Valid Percent: 13.61%, Whitelist: 0, IPv4: 2, IPv6: 314, Min Delay: 0.1 ms, Max Speed: 0.03 M/s, Avg Speed: 0.00 M/s, Max Resolution: 1920x1080
Category: 📺央视频道, Name: CCTV-14, Total: 254, Valid: 40, Valid Percent: 15.75%, Whitelist: 0, IPv4: 2, IPv6: 252, Min Delay: 0.1 ms, Max Speed: 0.01 M/s, Avg Speed: 0.00 M/s, Max Resolution: 1920x1080
Category: 📺央视频道, Name: CCTV-15, Total: 271, Valid: 65, Valid Percent: 23.99%, Whitelist: 0, IPv4: 2, IPv6: 269, Min Delay: 0.1 ms, Max Speed: 0.01 M/s, Avg Speed: 0.00 M/s, Max Resolution: 1920x1080
Category: 📺央视频道, Name: CCTV-16, Total: 48, Valid: 23, Valid Percent: 47.92%, Whitelist: 0, IPv4: 0, IPv6: 48, Min Delay: 0.1 ms, Max Speed: 0.00 M/s, Avg Speed: 0.00 M/s, Max Resolution: 1920x1080
Category: 📺央视频道, Name: CCTV-17, Total: 267, Valid: 45, Valid Percent: 16.85%, Whitelist: 0, IPv4: 1, IPv6: 266, Min Delay: 0.1 ms, Max Speed: 0.01 M/s, Avg Speed: 0.00 M/s, Max Resolution: 1920x1080
Category: 📺央视频道, Name: CETV-1, Total: 387, Valid: 3, Valid Percent: 0.78%, Whitelist: 0, IPv4: 3, IPv6: 384, Min Delay: 429 ms, Max Speed: 6.47 M/s, Avg Speed: 2.17 M/s, Max Resolution: 1920x1080
Category: 📺央视频道, Name: CETV-2, Total: 347, Valid: 0, Valid Percent: 0.00%, Whitelist: 0, IPv4: 0, IPv6: 347, Min Delay: -1 ms, Max Speed: 0.00 M/s, Avg Speed: 0.00 M/s, Max Resolution: None
Category: 📺央视频道, Name: CETV-3, Total: 6, Valid: 0, Valid Percent: 0.00%, Whitelist: 0, IPv4: 0, IPv6: 6, Min Delay: -1 ms, Max Speed: 0.00 M/s, Avg Speed: 0.00 M/s, Max Resolution: None
Category: 📺央视频道, Name: CETV-4, Total: 363, Valid: 1, Valid Percent: 0.28%, Whitelist: 0, IPv4: 2, IPv6: 361, Min Delay: 10031 ms, Max Speed: 0.02 M/s, Avg Speed: 0.02 M/s, Max Resolution: None
Category: 💰央视付费频道, Name: 文化精品, Total: 3, Valid: 0, Valid Percent: 0.00%, Whitelist: 0, IPv4: 0, IPv6: 3, Min Delay: -1 ms, Max Speed: 0.00 M/s, Avg Speed: 0.00 M/s, Max Resolution: None
Category: 💰央视付费频道, Name: 央视台球, Total: 5, Valid: 1, Valid Percent: 20.00%, Whitelist: 0, IPv4: 0, IPv6: 5, Min Delay: 0.1 ms, Max Speed: 0.00 M/s, Avg Speed: 0.00 M/s, Max Resolution: 1920x1080
Category: 💰央视付费频道, Name: 风云音乐, Total: 4, Valid: 0, Valid Percent: 0.00%, Whitelist: 0, IPv4: 0, IPv6: 4, Min Delay: -1 ms, Max Speed: 0.00 M/s, Avg Speed: 0.00 M/s, Max Resolution: None
Category: 💰央视付费频道, Name: 第一剧场, Total: 9, Valid: 0, Valid Percent: 0.00%, Whitelist: 0, IPv4: 0, IPv6: 9, Min Delay: -1 ms, Max Speed: 0.00 M/s, Avg Speed: 0.00 M/s, Max Resolution: None
Category: 💰央视付费频道, Name: 风云剧场, Total: 5, Valid: 0, Valid Percent: 0.00%, Whitelist: 0, IPv4: 0, IPv6: 5, Min Delay: -1 ms, Max Speed: 0.00 M/s, Avg Speed: 0.00 M/s, Max Resolution: None
Category: 💰央视付费频道, Name: 怀旧剧场, Total: 6, Valid: 0, Valid Percent: 0.00%, Whitelist: 0, IPv4: 0, IPv6: 6, Min Delay: -1 ms, Max Speed: 0.00 M/s, Avg Speed: 0.00 M/s, Max Resolution: None
Category: 💰央视付费频道, Name: 女性时尚, Total: 3, Valid: 0, Valid Percent: 0.00%, Whitelist: 0, IPv4: 0, IPv6: 3, Min Delay: -1 ms, Max Speed: 0.00 M/s, Avg Speed: 0.00 M/s, Max Resolution: None
Category: 💰央视付费频道, Name: 高尔夫网球, Total: 3, Valid: 0, Valid Percent: 0.00%, Whitelist: 0, IPv4: 0, IPv6: 3, Min Delay: -1 ms, Max Speed: 0.00 M/s, Avg Speed: 0.00 M/s, Max Resolution: None
Category: 💰央视付费频道, Name: 风云足球, Total: 7, Valid: 4, Valid Percent: 57.14%, Whitelist: 0, IPv4: 0, IPv6: 7, Min Delay: 0.1 ms, Max Speed: 0.00 M/s, Avg Speed: 0.00 M/s, Max Resolution: 1920x1080
Category: 💰央视付费频道, Name: 电视指南, Total: 2, Valid: 0, Valid Percent: 0.00%, Whitelist: 0, IPv4: 0, IPv6: 2, Min Delay: -1 ms, Max Speed: 0.00 M/s, Avg Speed: 0.00 M/s, Max Resolution: None
Category: 💰央视付费频道, Name: 世界地理, Total: 3, Valid: 1, Valid Percent: 33.33%, Whitelist: 0, IPv4: 0, IPv6: 3, Min Delay: 0.1 ms, Max Speed: 0.00 M/s, Avg Speed: 0.00 M/s, Max Resolution: 1920x1080
Category: 💰央视付费频道, Name: 兵器科技, Total: 2, Valid: 0, Valid Percent: 0.00%, Whitelist: 0, IPv4: 0, IPv6: 2, Min Delay: -1 ms, Max Speed: 0.00 M/s, Avg Speed: 0.00 M/s, Max Resolution: None
Category: 📡卫视频道, Name: 广东卫视, Total: 259, Valid: 59, Valid Percent: 22.78%, Whitelist: 0, IPv4: 1, IPv6: 258, Min Delay: 0.1 ms, Max Speed: 0.01 M/s, Avg Speed: 0.00 M/s, Max Resolution: 1920x1080
Category: 📡卫视频道, Name: 香港卫视, Total: 13, Valid: 5, Valid Percent: 38.46%, Whitelist: 0, IPv4: 0, IPv6: 13, Min Delay: 0.1 ms, Max Speed: 0.00 M/s, Avg Speed: 0.00 M/s, Max Resolution: 1920x1080
Category: 📡卫视频道, Name: 浙江卫视, Total: 313, Valid: 70, Valid Percent: 22.36%, Whitelist: 0, IPv4: 2, IPv6: 311, Min Delay: 0.1 ms, Max Speed: 0.01 M/s, Avg Speed: 0.00 M/s, Max Resolution: 1920x1080
Category: 📡卫视频道, Name: 湖南卫视, Total: 230, Valid: 59, Valid Percent: 25.65%, Whitelist: 0, IPv4: 3, IPv6: 227, Min Delay: 0.1 ms, Max Speed: 14.95 M/s, Avg Speed: 0.40 M/s, Max Resolution: 1920x1080
Category: 📡卫视频道, Name: 北京卫视, Total: 251, Valid: 55, Valid Percent: 21.91%, Whitelist: 0, IPv4: 3, IPv6: 248, Min Delay: 0.1 ms, Max Speed: 0.09 M/s, Avg Speed: 0.00 M/s, Max Resolution: 1920x1080
Category: 📡卫视频道, Name: 湖北卫视, Total: 287, Valid: 72, Valid Percent: 25.09%, Whitelist: 0, IPv4: 2, IPv6: 285, Min Delay: 0.1 ms, Max Speed: 5.27 M/s, Avg Speed: 0.07 M/s, Max Resolution: 1920x1080
Category: 📡卫视频道, Name: 黑龙江卫视, Total: 109, Valid: 58, Valid Percent: 53.21%, Whitelist: 0, IPv4: 0, IPv6: 109, Min Delay: 0.1 ms, Max Speed: 0.00 M/s, Avg Speed: 0.00 M/s, Max Resolution: 1920x1080
Category: 📡卫视频道, Name: 安徽卫视, Total: 83, Valid: 58, Valid Percent: 69.88%, Whitelist: 0, IPv4: 0, IPv6: 83, Min Delay: 0.1 ms, Max Speed: 0.00 M/s, Avg Speed: 0.00 M/s, Max Resolution: 1920x1080
Category: 📡卫视频道, Name: 重庆卫视, Total: 117, Valid: 57, Valid Percent: 48.72%, Whitelist: 0, IPv4: 2, IPv6: 115, Min Delay: 0.1 ms, Max Speed: 0.22 M/s, Avg Speed: 0.00 M/s, Max Resolution: 1920x1080
Category: 📡卫视频道, Name: 东方卫视, Total: 279, Valid: 59, Valid Percent: 21.15%, Whitelist: 0, IPv4: 0, IPv6: 279, Min Delay: 0.1 ms, Max Speed: 0.00 M/s, Avg Speed: 0.00 M/s, Max Resolution: 1920x1080
Category: 📡卫视频道, Name: 东南卫视, Total: 94, Valid: 42, Valid Percent: 44.68%, Whitelist: 0, IPv4: 1, IPv6: 93, Min Delay: 0.1 ms, Max Speed: 0.01 M/s, Avg Speed: 0.00 M/s, Max Resolution: 1920x1080
Category: 📡卫视频道, Name: 甘肃卫视, Total: 48, Valid: 25, Valid Percent: 52.08%, Whitelist: 0, IPv4: 1, IPv6: 47, Min Delay: 0.1 ms, Max Speed: 0.00 M/s, Avg Speed: 0.00 M/s, Max Resolution: 1920x1080
Category: 📡卫视频道, Name: 广西卫视, Total: 57, Valid: 35, Valid Percent: 61.40%, Whitelist: 0, IPv4: 1, IPv6: 56, Min Delay: 0.1 ms, Max Speed: 0.01 M/s, Avg Speed: 0.00 M/s, Max Resolution: 1920x1080
Category: 📡卫视频道, Name: 贵州卫视, Total: 61, Valid: 35, Valid Percent: 57.38%, Whitelist: 0, IPv4: 1, IPv6: 60, Min Delay: 0.1 ms, Max Speed: 0.00 M/s, Avg Speed: 0.00 M/s, Max Resolution: 1920x1080
Category: 📡卫视频道, Name: 海南卫视, Total: 348, Valid: 39, Valid Percent: 11.21%, Whitelist: 0, IPv4: 2, IPv6: 346, Min Delay: 0.1 ms, Max Speed: 0.22 M/s, Avg Speed: 0.01 M/s, Max Resolution: 1920x1080
Category: 📡卫视频道, Name: 河北卫视, Total: 95, Valid: 42, Valid Percent: 44.21%, Whitelist: 0, IPv4: 1, IPv6: 94, Min Delay: 0.1 ms, Max Speed: 0.00 M/s, Avg Speed: 0.00 M/s, Max Resolution: 1920x1080
Category: 📡卫视频道, Name: 河南卫视, Total: 275, Valid: 51, Valid Percent: 18.55%, Whitelist: 0, IPv4: 2, IPv6: 273, Min Delay: 0.1 ms, Max Speed: 54.06 M/s, Avg Speed: 1.06 M/s, Max Resolution: 1920x1080
Category: 📡卫视频道, Name: 吉林卫视, Total: 254, Valid: 54, Valid Percent: 21.26%, Whitelist: 0, IPv4: 0, IPv6: 254, Min Delay: 0.1 ms, Max Speed: 0.00 M/s, Avg Speed: 0.00 M/s, Max Resolution: 1920x1080
Category: 📡卫视频道, Name: 江苏卫视, Total: 278, Valid: 63, Valid Percent: 22.66%, Whitelist: 0, IPv4: 0, IPv6: 278, Min Delay: 0.1 ms, Max Speed: 0.00 M/s, Avg Speed: 0.00 M/s, Max Resolution: 1920x1080
Category: 📡卫视频道, Name: 江西卫视, Total: 281, Valid: 66, Valid Percent: 23.49%, Whitelist: 0, IPv4: 2, IPv6: 279, Min Delay: 0.1 ms, Max Speed: 0.02 M/s, Avg Speed: 0.00 M/s, Max Resolution: 1920x1080
Category: 📡卫视频道, Name: 辽宁卫视, Total: 252, Valid: 41, Valid Percent: 16.27%, Whitelist: 0, IPv4: 2, IPv6: 250, Min Delay: 0.1 ms, Max Speed: 0.02 M/s, Avg Speed: 0.00 M/s, Max Resolution: 1920x1080
Category: 📡卫视频道, Name: 内蒙古卫视, Total: 163, Valid: 22, Valid Percent: 13.50%, Whitelist: 0, IPv4: 1, IPv6: 162, Min Delay: 0.1 ms, Max Speed: 0.03 M/s, Avg Speed: 0.00 M/s, Max Resolution: 1920x1080
Category: 📡卫视频道, Name: 宁夏卫视, Total: 128, Valid: 22, Valid Percent: 17.19%, Whitelist: 0, IPv4: 2, IPv6: 126, Min Delay: 0.1 ms, Max Speed: 0.01 M/s, Avg Speed: 0.00 M/s, Max Resolution: 1920x1080
Category: 📡卫视频道, Name: 青海卫视, Total: 254, Valid: 28, Valid Percent: 11.02%, Whitelist: 0, IPv4: 2, IPv6: 252, Min Delay: 0.1 ms, Max Speed: 0.01 M/s, Avg Speed: 0.00 M/s, Max Resolution: 1920x1080
Category: 📡卫视频道, Name: 山东卫视, Total: 70, Valid: 42, Valid Percent: 60.00%, Whitelist: 0, IPv4: 1, IPv6: 69, Min Delay: 0.1 ms, Max Speed: 0.01 M/s, Avg Speed: 0.00 M/s, Max Resolution: 1920x1080
Category: 📡卫视频道, Name: 山西卫视, Total: 32, Valid: 12, Valid Percent: 37.50%, Whitelist: 0, IPv4: 0, IPv6: 32, Min Delay: 0.1 ms, Max Speed: 0.00 M/s, Avg Speed: 0.00 M/s, Max Resolution: 1920x1080
Category: 📡卫视频道, Name: 陕西卫视, Total: 228, Valid: 22, Valid Percent: 9.65%, Whitelist: 0, IPv4: 0, IPv6: 228, Min Delay: 0.1 ms, Max Speed: 0.00 M/s, Avg Speed: 0.00 M/s, Max Resolution: 1920x1080
Category: 📡卫视频道, Name: 四川卫视, Total: 70, Valid: 34, Valid Percent: 48.57%, Whitelist: 0, IPv4: 4, IPv6: 66, Min Delay: 0.1 ms, Max Speed: 0.08 M/s, Avg Speed: 0.00 M/s, Max Resolution: 1920x1080
Category: 📡卫视频道, Name: 深圳卫视, Total: 66, Valid: 34, Valid Percent: 51.52%, Whitelist: 0, IPv4: 1, IPv6: 65, Min Delay: 0.1 ms, Max Speed: 0.02 M/s, Avg Speed: 0.00 M/s, Max Resolution: 1920x1080
Category: 📡卫视频道, Name: 三沙卫视, Total: 167, Valid: 12, Valid Percent: 7.19%, Whitelist: 0, IPv4: 1, IPv6: 166, Min Delay: 0.1 ms, Max Speed: 0.01 M/s, Avg Speed: 0.00 M/s, Max Resolution: 1920x1080
Category: 📡卫视频道, Name: 天津卫视, Total: 67, Valid: 41, Valid Percent: 61.19%, Whitelist: 0, IPv4: 2, IPv6: 65, Min Delay: 0.1 ms, Max Speed: 0.04 M/s, Avg Speed: 0.00 M/s, Max Resolution: 1920x1080
Category: 📡卫视频道, Name: 西藏卫视, Total: 40, Valid: 22, Valid Percent: 55.00%, Whitelist: 0, IPv4: 1, IPv6: 39, Min Delay: 0.1 ms, Max Speed: 0.01 M/s, Avg Speed: 0.00 M/s, Max Resolution: 1920x1080
Category: 📡卫视频道, Name: 新疆卫视, Total: 42, Valid: 21, Valid Percent: 50.00%, Whitelist: 0, IPv4: 1, IPv6: 41, Min Delay: 0.1 ms, Max Speed: 0.00 M/s, Avg Speed: 0.00 M/s, Max Resolution: 1920x1080
Category: 📡卫视频道, Name: 云南卫视, Total: 48, Valid: 25, Valid Percent: 52.08%, Whitelist: 0, IPv4: 1, IPv6: 47, Min Delay: 0.1 ms, Max Speed: 0.00 M/s, Avg Speed: 0.00 M/s, Max Resolution: 1920x1080
Category: ☘️山西频道, Name: 山西影视, Total: 2, Valid: 2, Valid Percent: 100.00%, Whitelist: 0, IPv4: 0, IPv6: 2, Min Delay: 0.1 ms, Max Speed: 0.00 M/s, Avg Speed: 0.00 M/s, Max Resolution: 1920x1080
Category: ☘️山西频道, Name: 山西文体生活, Total: 3, Valid: 3, Valid Percent: 100.00%, Whitelist: 0, IPv4: 0, IPv6: 3, Min Delay: 0.1 ms, Max Speed: 0.00 M/s, Avg Speed: 0.00 M/s, Max Resolution: 1920x1080
Category: ☘️山西频道, Name: 山西社会与法治, Total: 3, Valid: 3, Valid Percent: 100.00%, Whitelist: 0, IPv4: 0, IPv6: 3, Min Delay: 0.1 ms, Max Speed: 0.00 M/s, Avg Speed: 0.00 M/s, Max Resolution: 1920x1080
Category: ☘️山西频道, Name: 山西经济, Total: 2, Valid: 2, Valid Percent: 100.00%, Whitelist: 0, IPv4: 0, IPv6: 2, Min Delay: 0.1 ms, Max Speed: 0.00 M/s, Avg Speed: 0.00 M/s, Max Resolution: 1920x1080
Category: ☘️山西频道, Name: 平遥新闻综合, Total: 1, Valid: 1, Valid Percent: 100.00%, Whitelist: 0, IPv4: 0, IPv6: 1, Min Delay: 0.1 ms, Max Speed: 0.00 M/s, Avg Speed: 0.00 M/s, Max Resolution: 1920x1080
